// Vitest Snapshot v1, https://vitest.dev/guide/snapshot.html

exports[`should fetch the course list in json 1`] = `
[
  {
    "MOOCS": "",
    "中文課程名稱": "資訊科技教學實習（教）",
    "備註": "1.需先修習通過資訊科技教材教法(教)課程。 2.請務必依【教育專門課程對應科目】修習課程，避免造成學分無法認定之情形發生。",
    "全/半": "半",
    "全英語": "",
    "地點時間": "五 6-9 公館 Ｓ506",
    "學分": "2.0",
    "年": "",
    "必/選": "選",
    "教師": "柯佳伶 方瓊瑤 紀博文",
    "班": "",
    "系所": "資工系（學）",
    "組": "",
    "英文課程名稱": "Teaching Practicum: Computer Science and Information Technology",
    "選修人數": "15",
    "開課代碼": "CSUE310",
    "開課序號": "2873",
    "限修人數": "33",
    "限修條件": "",
    "限性別": "",
  },
  {
    "MOOCS": "",
    "中文課程名稱": "物件導向分析與設計",
    "備註": "",
    "全/半": "半",
    "全英語": "",
    "地點時間": "五 2-4 公館 Ｂ102",
    "學分": "3.0",
    "年": "",
    "必/選": "選",
    "教師": "林均翰",
    "班": "大碩",
    "系所": "資工系（學）",
    "組": "",
    "英文課程名稱": "Object-Oriented Analysis and Design",
    "選修人數": "49",
    "開課代碼": "CSC0005",
    "開課序號": "2874",
    "限修人數": "50",
    "限修條件": "",
    "限性別": "",
  },
  {
    "MOOCS": "",
    "中文課程名稱": "無線通訊",
    "備註": "",
    "全/半": "半",
    "全英語": "是",
    "地點時間": "二 7-9 公館 Ｂ102",
    "學分": "3.0",
    "年": "",
    "必/選": "選",
    "教師": "賀耀華",
    "班": "大碩",
    "系所": "資工系（學）",
    "組": "",
    "英文課程名稱": "Wireless Communications",
    "選修人數": "37",
    "開課代碼": "CSC0010",
    "開課序號": "2875",
    "限修人數": "50",
    "限修條件": "",
    "限性別": "",
  },
  {
    "MOOCS": "",
    "中文課程名稱": "電腦輔助VLSI設計",
    "備註": "",
    "全/半": "半",
    "全英語": "",
    "地點時間": "五 7-9 公館 Ｂ101",
    "學分": "3.0",
    "年": "",
    "必/選": "選",
    "教師": "黃文吉",
    "班": "大碩",
    "系所": "資工系（學）",
    "組": "",
    "英文課程名稱": "Computer-Aided Design for VLSI Design",
    "選修人數": "59",
    "開課代碼": "CSC0011",
    "開課序號": "2876",
    "限修人數": "50",
    "限修條件": "",
    "限性別": "",
  },
  {
    "MOOCS": "",
    "中文課程名稱": "資訊安全",
    "備註": "",
    "全/半": "半",
    "全英語": "",
    "地點時間": "一 2-4 公館 Ｂ102",
    "學分": "3.0",
    "年": "",
    "必/選": "選",
    "教師": "紀博文",
    "班": "大碩",
    "系所": "資工系（學）",
    "組": "",
    "英文課程名稱": "Information Security",
    "選修人數": "68",
    "開課代碼": "CSC0072",
    "開課序號": "2877",
    "限修人數": "50",
    "限修條件": "",
    "限性別": "",
  },
  {
    "MOOCS": "",
    "中文課程名稱": "即時系統",
    "備註": "",
    "全/半": "半",
    "全英語": "是",
    "地點時間": "四 7-9 公館 Ｓ204",
    "學分": "3.0",
    "年": "",
    "必/選": "選",
    "教師": "王超",
    "班": "大碩",
    "系所": "資工系（學）",
    "組": "",
    "英文課程名稱": "Real-Time Systems",
    "選修人數": "18",
    "開課代碼": "CSC9006",
    "開課序號": "2878",
    "限修人數": "50",
    "限修條件": "",
    "限性別": "",
  },
  {
    "MOOCS": "",
    "中文課程名稱": "應用密碼學",
    "備註": "",
    "全/半": "半",
    "全英語": "",
    "地點時間": "四 2-4 公館 Ｓ204",
    "學分": "3.0",
    "年": "",
    "必/選": "選",
    "教師": "官振傑",
    "班": "大碩",
    "系所": "資工系（學）",
    "組": "",
    "英文課程名稱": "Applied Cryptography",
    "選修人數": "49",
    "開課代碼": "CSC9010",
    "開課序號": "2879",
    "限修人數": "50",
    "限修條件": "",
    "限性別": "",
  },
  {
    "MOOCS": "",
    "中文課程名稱": "程式設計（二）",
    "備註": "",
    "全/半": "半",
    "全英語": "",
    "地點時間": "一 7 公館 理圖807, 三 8-9 公館 理圖807",
    "學分": "3.0",
    "年": "1",
    "必/選": "必",
    "教師": "紀博文",
    "班": "",
    "系所": "資工系（學）",
    "組": "A",
    "英文課程名稱": "Computer Programming (II)",
    "選修人數": "70",
    "開課代碼": "CSU0002",
    "開課序號": "2880",
    "限修人數": "70",
    "限修條件": "◎必須先修過【CSU0001  程式設計（一）】",
    "限性別": "",
  },
  {
    "MOOCS": "",
    "中文課程名稱": "程式設計（二）",
    "備註": "",
    "全/半": "半",
    "全英語": "",
    "地點時間": "二 2-4 公館 理圖807",
    "學分": "3.0",
    "年": "1",
    "必/選": "必",
    "教師": "張鈞法",
    "班": "",
    "系所": "資工系（學）",
    "組": "B",
    "英文課程名稱": "Computer Programming (II)",
    "選修人數": "46",
    "開課代碼": "CSU0002",
    "開課序號": "2881",
    "限修人數": "60",
    "限修條件": "◎必須先修過【CSU0001  程式設計（一）】",
    "限性別": "",
  },
  {
    "MOOCS": "",
    "中文課程名稱": "程式設計（二）",
    "備註": "1.本班為視訊上課，需自備筆電。2.第一周請至理圖807向老師索取授權碼。",
    "全/半": "半",
    "全英語": "",
    "地點時間": "一 7 公館 Ｓ601, 三 8-9 公館 Ｓ601",
    "學分": "3.0",
    "年": "1",
    "必/選": "必",
    "教師": "紀博文",
    "班": "",
    "系所": "資工系（學）",
    "組": "C",
    "英文課程名稱": "Computer Programming (II)",
    "選修人數": "43",
    "開課代碼": "CSU0002",
    "開課序號": "4800",
    "限修人數": "0",
    "限修條件": "◎必須先修過【CSU0001  程式設計（一）】",
    "限性別": "",
  },
  {
    "MOOCS": "",
    "中文課程名稱": "數位邏輯",
    "備註": "",
    "全/半": "半",
    "全英語": "",
    "地點時間": "二 7-9 公館 Ｅ202",
    "學分": "3.0",
    "年": "1",
    "必/選": "選",
    "教師": "吳榮根",
    "班": "",
    "系所": "資工系（學）",
    "組": "",
    "英文課程名稱": "Digital Logic",
    "選修人數": "99",
    "開課代碼": "CSU0009",
    "開課序號": "2882",
    "限修人數": "100",
    "限修條件": "",
    "限性別": "",
  },
  {
    "MOOCS": "",
    "中文課程名稱": "離散數學",
    "備註": "",
    "全/半": "半",
    "全英語": "",
    "地點時間": "一 8 公館 Ｅ102, 五 3-4 公館 Ｅ102",
    "學分": "3.0",
    "年": "1",
    "必/選": "選",
    "教師": "王弘倫",
    "班": "",
    "系所": "資工系（學）",
    "組": "",
    "英文課程名稱": "Discrete Mathematics",
    "選修人數": "102",
    "開課代碼": "CSU0011",
    "開課序號": "2883",
    "限修人數": "50",
    "限修條件": "",
    "限性別": "",
  },
  {
    "MOOCS": "",
    "中文課程名稱": "演算法",
    "備註": "",
    "全/半": "半",
    "全英語": "",
    "地點時間": "二 3-4 公館 Ｂ102, 四 2 公館 Ｂ102",
    "學分": "3.0",
    "年": "2",
    "必/選": "必",
    "教師": "葉梅珍",
    "班": "",
    "系所": "資工系（學）",
    "組": "A",
    "英文課程名稱": "Computer Algorithms",
    "選修人數": "80",
    "開課代碼": "CSU0018",
    "開課序號": "2884",
    "限修人數": "75",
    "限修條件": "◎必須先修過【CSU0001  程式設計（一）】",
    "限性別": "",
  },
  {
    "MOOCS": "",
    "中文課程名稱": "演算法",
    "備註": "",
    "全/半": "半",
    "全英語": "",
    "地點時間": "一 7-9 公館 Ｂ103",
    "學分": "3.0",
    "年": "2",
    "必/選": "必",
    "教師": "官振傑",
    "班": "",
    "系所": "資工系（學）",
    "組": "B",
    "英文課程名稱": "Computer Algorithms",
    "選修人數": "33",
    "開課代碼": "CSU0018",
    "開課序號": "2885",
    "限修人數": "50",
    "限修條件": "◎必須先修過【CSU0001  程式設計（一）】",
    "限性別": "",
  },
  {
    "MOOCS": "",
    "中文課程名稱": "計算機網路",
    "備註": "",
    "全/半": "半",
    "全英語": "",
    "地點時間": "二 8-9 公館 Ｂ101, 四 7 公館 Ｂ101",
    "學分": "3.0",
    "年": "2",
    "必/選": "選",
    "教師": "蔡榮宗",
    "班": "",
    "系所": "資工系（學）",
    "組": "",
    "英文課程名稱": "Computer Networks",
    "選修人數": "78",
    "開課代碼": "CSU0019",
    "開課序號": "2886",
    "限修人數": "80",
    "限修條件": "",
    "限性別": "",
  },
  {
    "MOOCS": "",
    "中文課程名稱": "數理統計",
    "備註": "",
    "全/半": "半",
    "全英語": "是",
    "地點時間": "一 2-4 公館 Ｂ101",
    "學分": "3.0",
    "年": "2",
    "必/選": "選",
    "教師": "陳翔瀚",
    "班": "",
    "系所": "資工系（學）",
    "組": "",
    "英文課程名稱": "Mathematical Statistics",
    "選修人數": "53",
    "開課代碼": "CSU0026",
    "開課序號": "2887",
    "限修人數": "50",
    "限修條件": "",
    "限性別": "",
  },
  {
    "MOOCS": "",
    "中文課程名稱": "計算機結構",
    "備註": "",
    "全/半": "半",
    "全英語": "",
    "地點時間": "二 2 公館 Ｂ102, 四 3-4 公館 Ｂ102",
    "學分": "3.0",
    "年": "2",
    "必/選": "必",
    "教師": "林均翰",
    "班": "",
    "系所": "資工系（學）",
    "組": "",
    "英文課程名稱": "Computer Architectures",
    "選修人數": "90",
    "開課代碼": "CSU0029",
    "開課序號": "2888",
    "限修人數": "50",
    "限修條件": "",
    "限性別": "",
  },
  {
    "MOOCS": "",
    "中文課程名稱": "進階程式設計",
    "備註": "期望同學需學習完基礎程式能力後再來修習本課程。",
    "全/半": "半",
    "全英語": "",
    "地點時間": "五 7-9 公館 理圖807",
    "學分": "3.0",
    "年": "3",
    "必/選": "選",
    "教師": "蔣宗哲",
    "班": "",
    "系所": "資工系（學）",
    "組": "",
    "英文課程名稱": "The Practice of Programming",
    "選修人數": "31",
    "開課代碼": "CSU0030",
    "開課序號": "2889",
    "限修人數": "50",
    "限修條件": "",
    "限性別": "",
  },
  {
    "MOOCS": "",
    "中文課程名稱": "工程數學",
    "備註": "",
    "全/半": "半",
    "全英語": "是",
    "地點時間": "二 2-4 公館 Ｂ103",
    "學分": "3.0",
    "年": "3",
    "必/選": "選",
    "教師": "王超",
    "班": "",
    "系所": "資工系（學）",
    "組": "",
    "英文課程名稱": "Engineering Mathematics",
    "選修人數": "17",
    "開課代碼": "CSU0032",
    "開課序號": "2890",
    "限修人數": "60",
    "限修條件": "",
    "限性別": "",
  },
  {
    "MOOCS": "",
    "中文課程名稱": "作業系統",
    "備註": "",
    "全/半": "半",
    "全英語": "是",
    "地點時間": "一 8-9 公館 Ｂ101, 五 3 公館 Ｂ101",
    "學分": "3.0",
    "年": "3",
    "必/選": "選",
    "教師": "賀耀華",
    "班": "",
    "系所": "資工系（學）",
    "組": "",
    "英文課程名稱": "Operating Systems",
    "選修人數": "77",
    "開課代碼": "CSU0033",
    "開課序號": "2891",
    "限修人數": "50",
    "限修條件": "",
    "限性別": "",
  },
  {
    "MOOCS": "",
    "中文課程名稱": "資料庫理論",
    "備註": "",
    "全/半": "半",
    "全英語": "",
    "地點時間": "一 3-4 公館 Ｅ101, 五 2 公館 理圖807",
    "學分": "3.0",
    "年": "3",
    "必/選": "選",
    "教師": "柯佳伶",
    "班": "",
    "系所": "資工系（學）",
    "組": "",
    "英文課程名稱": "Database Theories",
    "選修人數": "75",
    "開課代碼": "CSU0034",
    "開課序號": "2892",
    "限修人數": "50",
    "限修條件": "",
    "限性別": "",
  },
  {
    "MOOCS": "",
    "中文課程名稱": "資訊專題研究（二）：資訊理論",
    "備註": "",
    "全/半": "半",
    "全英語": "",
    "地點時間": "四 10-B 公館 教室自排",
    "學分": "3.0",
    "年": "3",
    "必/選": "選",
    "教師": "張鈞法 王超 陳俊祥",
    "班": "",
    "系所": "資工系（學）",
    "組": "",
    "英文課程名稱": "Special Topics on Computer Science (II) : Information Theories",
    "選修人數": "23",
    "開課代碼": "CSU0039",
    "開課序號": "2893",
    "限修人數": "50",
    "限修條件": "",
    "限性別": "",
  },
  {
    "MOOCS": "",
    "中文課程名稱": "資訊專題研究（二）：資訊系統",
    "備註": "",
    "全/半": "半",
    "全英語": "",
    "地點時間": "五 10-B 公館 教室自排",
    "學分": "3.0",
    "年": "3",
    "必/選": "選",
    "教師": "蔣宗哲 王科植",
    "班": "",
    "系所": "資工系（學）",
    "組": "",
    "英文課程名稱": "Special Topics on Computer Science (II) : Information Systems",
    "選修人數": "35",
    "開課代碼": "CSU0040",
    "開課序號": "2894",
    "限修人數": "50",
    "限修條件": "",
    "限性別": "",
  },
  {
    "MOOCS": "",
    "中文課程名稱": "影像處理",
    "備註": "",
    "全/半": "半",
    "全英語": "",
    "地點時間": "四 2-4 公館 理圖003",
    "學分": "3.0",
    "年": "3",
    "必/選": "選",
    "教師": "陳世旺",
    "班": "",
    "系所": "資工系（學）",
    "組": "",
    "英文課程名稱": "Image Processing",
    "選修人數": "65",
    "開課代碼": "CSU0041",
    "開課序號": "2895",
    "限修人數": "50",
    "限修條件": "",
    "限性別": "",
  },
  {
    "MOOCS": "",
    "中文課程名稱": "人工智慧",
    "備註": "",
    "全/半": "半",
    "全英語": "",
    "地點時間": "一 7 公館 Ｂ101, 四 8-9 公館 Ｂ101",
    "學分": "3.0",
    "年": "3",
    "必/選": "選",
    "教師": "林順喜",
    "班": "",
    "系所": "資工系（學）",
    "組": "",
    "英文課程名稱": "Artificial Intelligence",
    "選修人數": "63",
    "開課代碼": "CSU0042",
    "開課序號": "2896",
    "限修人數": "50",
    "限修條件": "",
    "限性別": "",
  },
]
`;
